Archive member included to satisfy reference by file (symbol)

c:/st/stm32cubeide_1.7.0/stm32cubeide/plugins/com.st.stm32cube.ide.mcu.externaltools.gnu-tools-for-stm32.9-2020-q2-update.win32_2.0.0.202105311346/tools/bin/../lib/gcc/arm-none-eabi/9.3.1/../../../../arm-none-eabi/lib/thumb/v7-m/nofp\libc_nano.a(lib_a-errno.o)
                              ./Core/Src/syscalls.o (__errno)
c:/st/stm32cubeide_1.7.0/stm32cubeide/plugins/com.st.stm32cube.ide.mcu.externaltools.gnu-tools-for-stm32.9-2020-q2-update.win32_2.0.0.202105311346/tools/bin/../lib/gcc/arm-none-eabi/9.3.1/../../../../arm-none-eabi/lib/thumb/v7-m/nofp\libc_nano.a(lib_a-exit.o)
                              c:/st/stm32cubeide_1.7.0/stm32cubeide/plugins/com.st.stm32cube.ide.mcu.externaltools.gnu-tools-for-stm32.9-2020-q2-update.win32_2.0.0.202105311346/tools/bin/../lib/gcc/arm-none-eabi/9.3.1/../../../../arm-none-eabi/lib/thumb/v7-m/nofp/crt0.o (exit)
c:/st/stm32cubeide_1.7.0/stm32cubeide/plugins/com.st.stm32cube.ide.mcu.externaltools.gnu-tools-for-stm32.9-2020-q2-update.win32_2.0.0.202105311346/tools/bin/../lib/gcc/arm-none-eabi/9.3.1/../../../../arm-none-eabi/lib/thumb/v7-m/nofp\libc_nano.a(lib_a-impure.o)
                              c:/st/stm32cubeide_1.7.0/stm32cubeide/plugins/com.st.stm32cube.ide.mcu.externaltools.gnu-tools-for-stm32.9-2020-q2-update.win32_2.0.0.202105311346/tools/bin/../lib/gcc/arm-none-eabi/9.3.1/../../../../arm-none-eabi/lib/thumb/v7-m/nofp\libc_nano.a(lib_a-exit.o) (_global_impure_ptr)
c:/st/stm32cubeide_1.7.0/stm32cubeide/plugins/com.st.stm32cube.ide.mcu.externaltools.gnu-tools-for-stm32.9-2020-q2-update.win32_2.0.0.202105311346/tools/bin/../lib/gcc/arm-none-eabi/9.3.1/../../../../arm-none-eabi/lib/thumb/v7-m/nofp\libc_nano.a(lib_a-init.o)
                              c:/st/stm32cubeide_1.7.0/stm32cubeide/plugins/com.st.stm32cube.ide.mcu.externaltools.gnu-tools-for-stm32.9-2020-q2-update.win32_2.0.0.202105311346/tools/bin/../lib/gcc/arm-none-eabi/9.3.1/../../../../arm-none-eabi/lib/thumb/v7-m/nofp/crt0.o (__libc_init_array)
c:/st/stm32cubeide_1.7.0/stm32cubeide/plugins/com.st.stm32cube.ide.mcu.externaltools.gnu-tools-for-stm32.9-2020-q2-update.win32_2.0.0.202105311346/tools/bin/../lib/gcc/arm-none-eabi/9.3.1/../../../../arm-none-eabi/lib/thumb/v7-m/nofp\libc_nano.a(lib_a-memset.o)
                              c:/st/stm32cubeide_1.7.0/stm32cubeide/plugins/com.st.stm32cube.ide.mcu.externaltools.gnu-tools-for-stm32.9-2020-q2-update.win32_2.0.0.202105311346/tools/bin/../lib/gcc/arm-none-eabi/9.3.1/../../../../arm-none-eabi/lib/thumb/v7-m/nofp/crt0.o (memset)

Allocating common symbols
Common symbol       size              file

uwTick              0x4               ./Drivers/STM32F1xx_HAL_Driver/Src/stm32f1xx_hal.o
pFlash              0x20              ./Drivers/STM32F1xx_HAL_Driver/Src/stm32f1xx_hal_flash.o
htim2               0x48              ./Core/Src/main.o

Discarded input sections

 .text          0x0000000000000000        0x0 c:/st/stm32cubeide_1.7.0/stm32cubeide/plugins/com.st.stm32cube.ide.mcu.externaltools.gnu-tools-for-stm32.9-2020-q2-update.win32_2.0.0.202105311346/tools/bin/../lib/gcc/arm-none-eabi/9.3.1/thumb/v7-m/nofp/crti.o
 .data          0x0000000000000000        0x0 c:/st/stm32cubeide_1.7.0/stm32cubeide/plugins/com.st.stm32cube.ide.mcu.externaltools.gnu-tools-for-stm32.9-2020-q2-update.win32_2.0.0.202105311346/tools/bin/../lib/gcc/arm-none-eabi/9.3.1/thumb/v7-m/nofp/crti.o
 .bss           0x0000000000000000        0x0 c:/st/stm32cubeide_1.7.0/stm32cubeide/plugins/com.st.stm32cube.ide.mcu.externaltools.gnu-tools-for-stm32.9-2020-q2-update.win32_2.0.0.202105311346/tools/bin/../lib/gcc/arm-none-eabi/9.3.1/thumb/v7-m/nofp/crti.o
 .data          0x0000000000000000        0x4 c:/st/stm32cubeide_1.7.0/stm32cubeide/plugins/com.st.stm32cube.ide.mcu.externaltools.gnu-tools-for-stm32.9-2020-q2-update.win32_2.0.0.202105311346/tools/bin/../lib/gcc/arm-none-eabi/9.3.1/thumb/v7-m/nofp/crtbegin.o
 .text          0x0000000000000000       0x7c c:/st/stm32cubeide_1.7.0/stm32cubeide/plugins/com.st.stm32cube.ide.mcu.externaltools.gnu-tools-for-stm32.9-2020-q2-update.win32_2.0.0.202105311346/tools/bin/../lib/gcc/arm-none-eabi/9.3.1/../../../../arm-none-eabi/lib/thumb/v7-m/nofp/crt0.o
 .data          0x0000000000000000        0x0 c:/st/stm32cubeide_1.7.0/stm32cubeide/plugins/com.st.stm32cube.ide.mcu.externaltools.gnu-tools-for-stm32.9-2020-q2-update.win32_2.0.0.202105311346/tools/bin/../lib/gcc/arm-none-eabi/9.3.1/../../../../arm-none-eabi/lib/thumb/v7-m/nofp/crt0.o
 .bss           0x0000000000000000        0x0 c:/st/stm32cubeide_1.7.0/stm32cubeide/plugins/com.st.stm32cube.ide.mcu.externaltools.gnu-tools-for-stm32.9-2020-q2-update.win32_2.0.0.202105311346/tools/bin/../lib/gcc/arm-none-eabi/9.3.1/../../../../arm-none-eabi/lib/thumb/v7-m/nofp/crt0.o
[...]
Memory Configuration

Name             Origin             Length             Attributes
RAM              0x0000000020000000 0x0000000000002800 xrw
FLASH            0x0000000008000000 0x0000000000008000 xr
*default*        0x0000000000000000 0xffffffffffffffff

Linker script and memory map

LOAD c:/st/stm32cubeide_1.7.0/stm32cubeide/plugins/com.st.stm32cube.ide.mcu.externaltools.gnu-tools-for-stm32.9-2020-q2-update.win32_2.0.0.202105311346/tools/bin/../lib/gcc/arm-none-eabi/9.3.1/thumb/v7-m/nofp/crti.o
LOAD c:/st/stm32cubeide_1.7.0/stm32cubeide/plugins/com.st.stm32cube.ide.mcu.externaltools.gnu-tools-for-stm32.9-2020-q2-update.win32_2.0.0.202105311346/tools/bin/../lib/gcc/arm-none-eabi/9.3.1/thumb/v7-m/nofp/crtbegin.o
LOAD c:/st/stm32cubeide_1.7.0/stm32cubeide/plugins/com.st.stm32cube.ide.mcu.externaltools.gnu-tools-for-stm32.9-2020-q2-update.win32_2.0.0.202105311346/tools/bin/../lib/gcc/arm-none-eabi/9.3.1/../../../../arm-none-eabi/lib/thumb/v7-m/nofp/crt0.o
LOAD ./Core/Src/button.o
LOAD ./Core/Src/control_all.o
LOAD ./Core/Src/control_led7seg.o
LOAD ./Core/Src/control_lightTraffic.o
LOAD ./Core/Src/displayLed7seg.o
LOAD ./Core/Src/displayLightTraffic.o
LOAD ./Core/Src/global.o
LOAD ./Core/Src/main.o
LOAD ./Core/Src/software_timer.o
LOAD ./Core/Src/stm32f1xx_hal_msp.o
LOAD ./Core/Src/stm32f1xx_it.o
LOAD ./Core/Src/syscalls.o
LOAD ./Core/Src/sysmem.o
LOAD ./Core/Src/system_stm32f1xx.o
LOAD ./Core/Startup/startup_stm32f103c6ux.o
LOAD ./Drivers/STM32F1xx_HAL_Driver/Src/stm32f1xx_hal.o
LOAD ./Drivers/STM32F1xx_HAL_Driver/Src/stm32f1xx_hal_cortex.o
LOAD ./Drivers/STM32F1xx_HAL_Driver/Src/stm32f1xx_hal_dma.o
LOAD ./Drivers/STM32F1xx_HAL_Driver/Src/stm32f1xx_hal_exti.o
LOAD ./Drivers/STM32F1xx_HAL_Driver/Src/stm32f1xx_hal_flash.o
LOAD ./Drivers/STM32F1xx_HAL_Driver/Src/stm32f1xx_hal_flash_ex.o
LOAD ./Drivers/STM32F1xx_HAL_Driver/Src/stm32f1xx_hal_gpio.o
LOAD ./Drivers/STM32F1xx_HAL_Driver/Src/stm32f1xx_hal_gpio_ex.o
LOAD ./Drivers/STM32F1xx_HAL_Driver/Src/stm32f1xx_hal_pwr.o
LOAD ./Drivers/STM32F1xx_HAL_Driver/Src/stm32f1xx_hal_rcc.o
LOAD ./Drivers/STM32F1xx_HAL_Driver/Src/stm32f1xx_hal_rcc_ex.o
LOAD ./Drivers/STM32F1xx_HAL_Driver/Src/stm32f1xx_hal_tim.o
LOAD ./Drivers/STM32F1xx_HAL_Driver/Src/stm32f1xx_hal_tim_ex.o
START GROUP
LOAD c:/st/stm32cubeide_1.7.0/stm32cubeide/plugins/com.st.stm32cube.ide.mcu.externaltools.gnu-tools-for-stm32.9-2020-q2-update.win32_2.0.0.202105311346/tools/bin/../lib/gcc/arm-none-eabi/9.3.1/../../../../arm-none-eabi/lib/thumb/v7-m/nofp\libc_nano.a
LOAD c:/st/stm32cubeide_1.7.0/stm32cubeide/plugins/com.st.stm32cube.ide.mcu.externaltools.gnu-tools-for-stm32.9-2020-q2-update.win32_2.0.0.202105311346/tools/bin/../lib/gcc/arm-none-eabi/9.3.1/../../../../arm-none-eabi/lib/thumb/v7-m/nofp\libm.a
END GROUP
START GROUP
LOAD c:/st/stm32cubeide_1.7.0/stm32cubeide/plugins/com.st.stm32cube.ide.mcu.externaltools.gnu-tools-for-stm32.9-2020-q2-update.win32_2.0.0.202105311346/tools/bin/../lib/gcc/arm-none-eabi/9.3.1/thumb/v7-m/nofp\libgcc.a
LOAD c:/st/stm32cubeide_1.7.0/stm32cubeide/plugins/com.st.stm32cube.ide.mcu.externaltools.gnu-tools-for-stm32.9-2020-q2-update.win32_2.0.0.202105311346/tools/bin/../lib/gcc/arm-none-eabi/9.3.1/../../../../arm-none-eabi/lib/thumb/v7-m/nofp\libc_nano.a
END GROUP
START GROUP
LOAD c:/st/stm32cubeide_1.7.0/stm32cubeide/plugins/com.st.stm32cube.ide.mcu.externaltools.gnu-tools-for-stm32.9-2020-q2-update.win32_2.0.0.202105311346/tools/bin/../lib/gcc/arm-none-eabi/9.3.1/thumb/v7-m/nofp\libgcc.a
LOAD c:/st/stm32cubeide_1.7.0/stm32cubeide/plugins/com.st.stm32cube.ide.mcu.externaltools.gnu-tools-for-stm32.9-2020-q2-update.win32_2.0.0.202105311346/tools/bin/../lib/gcc/arm-none-eabi/9.3.1/../../../../arm-none-eabi/lib/thumb/v7-m/nofp\libc_nano.a
LOAD c:/st/stm32cubeide_1.7.0/stm32cubeide/plugins/com.st.stm32cube.ide.mcu.externaltools.gnu-tools-for-stm32.9-2020-q2-update.win32_2.0.0.202105311346/tools/bin/../lib/gcc/arm-none-eabi/9.3.1/../../../../arm-none-eabi/lib/thumb/v7-m/nofp\libnosys.a
END GROUP
START GROUP
LOAD c:/st/stm32cubeide_1.7.0/stm32cubeide/plugins/com.st.stm32cube.ide.mcu.externaltools.gnu-tools-for-stm32.9-2020-q2-update.win32_2.0.0.202105311346/tools/bin/../lib/gcc/arm-none-eabi/9.3.1/thumb/v7-m/nofp\libgcc.a
LOAD c:/st/stm32cubeide_1.7.0/stm32cubeide/plugins/com.st.stm32cube.ide.mcu.externaltools.gnu-tools-for-stm32.9-2020-q2-update.win32_2.0.0.202105311346/tools/bin/../lib/gcc/arm-none-eabi/9.3.1/../../../../arm-none-eabi/lib/thumb/v7-m/nofp\libc_nano.a
LOAD c:/st/stm32cubeide_1.7.0/stm32cubeide/plugins/com.st.stm32cube.ide.mcu.externaltools.gnu-tools-for-stm32.9-2020-q2-update.win32_2.0.0.202105311346/tools/bin/../lib/gcc/arm-none-eabi/9.3.1/../../../../arm-none-eabi/lib/thumb/v7-m/nofp\libnosys.a
END GROUP
LOAD c:/st/stm32cubeide_1.7.0/stm32cubeide/plugins/com.st.stm32cube.ide.mcu.externaltools.gnu-tools-for-stm32.9-2020-q2-update.win32_2.0.0.202105311346/tools/bin/../lib/gcc/arm-none-eabi/9.3.1/thumb/v7-m/nofp/crtend.o
LOAD c:/st/stm32cubeide_1.7.0/stm32cubeide/plugins/com.st.stm32cube.ide.mcu.externaltools.gnu-tools-for-stm32.9-2020-q2-update.win32_2.0.0.202105311346/tools/bin/../lib/gcc/arm-none-eabi/9.3.1/thumb/v7-m/nofp/crtn.o
                0x0000000020002800                _estack = (ORIGIN (RAM) + LENGTH (RAM))
                0x0000000000000200                _Min_Heap_Size = 0x200
                0x0000000000000400                _Min_Stack_Size = 0x400

.isr_vector     0x0000000008000000      0x10c
                0x0000000008000000                . = ALIGN (0x4)
 *(.isr_vector)
 .isr_vector    0x0000000008000000      0x10c ./Core/Startup/startup_stm32f103c6ux.o
                0x0000000008000000                g_pfnVectors
                0x000000000800010c                . = ALIGN (0x4)

.text           0x000000000800010c     0x2f48
                0x000000000800010c                . = ALIGN (0x4)
 *(.text)
 .text          0x000000000800010c       0x40 c:/st/stm32cubeide_1.7.0/stm32cubeide/plugins/com.st.stm32cube.ide.mcu.externaltools.gnu-tools-for-stm32.9-2020-q2-update.win32_2.0.0.202105311346/tools/bin/../lib/gcc/arm-none-eabi/9.3.1/thumb/v7-m/nofp/crtbegin.o
 *(.text*)
 .text.reset_all_button
                0x000000000800014c       0x40 ./Core/Src/button.o
                0x000000000800014c                reset_all_button
 .text.key_n_process_pressed_once
                0x000000000800018c       0x20 ./Core/Src/button.o
                0x000000000800018c                key_n_process_pressed_once
 .text.key_n_process_pressed_hold
                0x00000000080001ac       0x20 ./Core/Src/button.o
                0x00000000080001ac                key_n_process_pressed_hold
 .text.is_button_pressed_once
                0x00000000080001cc       0x34 ./Core/Src/button.o
                0x00000000080001cc                is_button_pressed_once
 .text.is_button_pressed_hold
                0x0000000008000200       0x34 ./Core/Src/button.o
                0x0000000008000200                is_button_pressed_hold
 .text.get_key_input
                0x0000000008000234      0x180 ./Core/Src/button.o
                0x0000000008000234                get_key_input
 .text.get_key_input_all
                0x00000000080003b4       0x28 ./Core/Src/button.o
                0x00000000080003b4                get_key_input_all
 .text.set_normal_mode
                0x00000000080003dc       0x38 ./Core/Src/control_all.o
                0x00000000080003dc                set_normal_mode
 .text.set_red_mode
                0x0000000008000414       0x38 ./Core/Src/control_all.o
                0x0000000008000414                set_red_mode
 .text.set_yellow_mode
                0x000000000800044c       0x38 ./Core/Src/control_all.o
                0x000000000800044c                set_yellow_mode
 .text.set_green_mode
                0x0000000008000484       0x38 ./Core/Src/control_all.o
                0x0000000008000484                set_green_mode
 .text.set_error_mode
                0x00000000080004bc        0xc ./Core/Src/control_all.o
                0x00000000080004bc                set_error_mode
 .text.increase_temp_time
                0x00000000080004c8       0x34 ./Core/Src/control_all.o
                0x00000000080004c8                increase_temp_time
 .text.control_all
                0x00000000080004fc      0x348 ./Core/Src/control_all.o
                0x00000000080004fc                control_all
 .text.control_led7seg
                0x0000000008000844       0xe0 ./Core/Src/control_led7seg.o
                0x0000000008000844                control_led7seg
 .text.led7seg1_on
                0x0000000008000924       0x24 ./Core/Src/control_led7seg.o
                0x0000000008000924                led7seg1_on
 .text.control_lightTraffic
                0x0000000008000948      0x110 ./Core/Src/control_lightTraffic.o
                0x0000000008000948                control_lightTraffic
 .text.blink_red
                0x0000000008000a58       0x20 ./Core/Src/control_lightTraffic.o
                0x0000000008000a58                blink_red
 .text.blink_yellow
                0x0000000008000a78       0x20 ./Core/Src/control_lightTraffic.o
                0x0000000008000a78                blink_yellow
 .text.blink_green
                0x0000000008000a98       0x20 ./Core/Src/control_lightTraffic.o
                0x0000000008000a98                blink_green
 .text.display7SEG1
                0x0000000008000ab8      0x320 ./Core/Src/displayLed7seg.o
                0x0000000008000ab8                display7SEG1
 .text.display7SEG2
                0x0000000008000dd8      0x320 ./Core/Src/displayLed7seg.o
                0x0000000008000dd8                display7SEG2
 .text.display7SEG_error
                0x00000000080010f8       0x9c ./Core/Src/displayLed7seg.o
                0x00000000080010f8                display7SEG_error
 .text.red1_green2
                0x0000000008001194       0x58 ./Core/Src/displayLightTraffic.o
                0x0000000008001194                red1_green2
 .text.red1_yellow2
                0x00000000080011ec       0x58 ./Core/Src/displayLightTraffic.o
                0x00000000080011ec                red1_yellow2
 .text.green1_red2
                0x0000000008001244       0x58 ./Core/Src/displayLightTraffic.o
                0x0000000008001244                green1_red2
 .text.yellow1_red2
                0x000000000800129c       0x58 ./Core/Src/displayLightTraffic.o
                0x000000000800129c                yellow1_red2
 .text.all_red_on
                0x00000000080012f4       0x58 ./Core/Src/displayLightTraffic.o
                0x00000000080012f4                all_red_on
 .text.all_yellow_on
                0x000000000800134c       0x58 ./Core/Src/displayLightTraffic.o
                0x000000000800134c                all_yellow_on
 .text.all_green_on
                0x00000000080013a4       0x58 ./Core/Src/displayLightTraffic.o
                0x00000000080013a4                all_green_on
 .text.control_blink_red
                0x00000000080013fc       0x54 ./Core/Src/displayLightTraffic.o
                0x00000000080013fc                control_blink_red
 .text.control_blink_yellow
                0x0000000008001450       0x54 ./Core/Src/displayLightTraffic.o
                0x0000000008001450                control_blink_yellow
 .text.control_blink_green
                0x00000000080014a4       0x54 ./Core/Src/displayLightTraffic.o
                0x00000000080014a4                control_blink_green
 .text.all_led_off
                0x00000000080014f8       0x58 ./Core/Src/displayLightTraffic.o
                0x00000000080014f8                all_led_off
 .text.main     0x0000000008001550       0x24 ./Core/Src/main.o
                0x0000000008001550                main
 .text.SystemClock_Config
                0x0000000008001574       0x76 ./Core/Src/main.o
                0x0000000008001574                SystemClock_Config
 *fill*         0x00000000080015ea        0x2 
 .text.MX_TIM2_Init
                0x00000000080015ec       0x98 ./Core/Src/main.o
 .text.MX_GPIO_Init
                0x0000000008001684       0xc8 ./Core/Src/main.o
 .text.HAL_TIM_PeriodElapsedCallback
                0x000000000800174c       0x18 ./Core/Src/main.o
                0x000000000800174c                HAL_TIM_PeriodElapsedCallback
 .text.Error_Handler
                0x0000000008001764        0xa ./Core/Src/main.o
                0x0000000008001764                Error_Handler
 *fill*         0x000000000800176e        0x2 
 .text.setTimer1
                0x0000000008001770       0x34 ./Core/Src/software_timer.o
                0x0000000008001770                setTimer1
 .text.setTimer2
                0x00000000080017a4       0x34 ./Core/Src/software_timer.o
                0x00000000080017a4                setTimer2
 .text.setTimer3
                0x00000000080017d8       0x34 ./Core/Src/software_timer.o
                0x00000000080017d8                setTimer3
 .text.timerRun
                0x000000000800180c       0x84 ./Core/Src/software_timer.o
                0x000000000800180c                timerRun
 .text.HAL_MspInit
                0x0000000008001890       0x64 ./Core/Src/stm32f1xx_hal_msp.o
                0x0000000008001890                HAL_MspInit
 .text.HAL_TIM_Base_MspInit
                0x00000000080018f4       0x48 ./Core/Src/stm32f1xx_hal_msp.o
                0x00000000080018f4                HAL_TIM_Base_MspInit
 .text.NMI_Handler
                0x000000000800193c        0x6 ./Core/Src/stm32f1xx_it.o
                0x000000000800193c                NMI_Handler
 .text.HardFault_Handler
                0x0000000008001942        0x6 ./Core/Src/stm32f1xx_it.o
                0x0000000008001942                HardFault_Handler
 .text.MemManage_Handler
                0x0000000008001948        0x6 ./Core/Src/stm32f1xx_it.o
                0x0000000008001948                MemManage_Handler
 .text.BusFault_Handler
                0x000000000800194e        0x6 ./Core/Src/stm32f1xx_it.o
                0x000000000800194e                BusFault_Handler
 .text.UsageFault_Handler
                0x0000000008001954        0x6 ./Core/Src/stm32f1xx_it.o
                0x0000000008001954                UsageFault_Handler
 .text.SVC_Handler
                0x000000000800195a        0xc ./Core/Src/stm32f1xx_it.o
                0x000000000800195a                SVC_Handler
 .text.DebugMon_Handler
                0x0000000008001966        0xc ./Core/Src/stm32f1xx_it.o
                0x0000000008001966                DebugMon_Handler
 .text.PendSV_Handler
                0x0000000008001972        0xc ./Core/Src/stm32f1xx_it.o
                0x0000000008001972                PendSV_Handler
 .text.SysTick_Handler
                0x000000000800197e        0xc ./Core/Src/stm32f1xx_it.o
                0x000000000800197e                SysTick_Handler
 *fill*         0x000000000800198a        0x2 
 .text.TIM2_IRQHandler
                0x000000000800198c       0x14 ./Core/Src/stm32f1xx_it.o
                0x000000000800198c                TIM2_IRQHandler
 .text.SystemInit
                0x00000000080019a0        0xc ./Core/Src/system_stm32f1xx.o
                0x00000000080019a0                SystemInit
 .text.Reset_Handler
                0x00000000080019ac       0x48 ./Core/Startup/startup_stm32f103c6ux.o
                0x00000000080019ac                Reset_Handler
 .text.Default_Handler
                0x00000000080019f4        0x2 ./Core/Startup/startup_stm32f103c6ux.o
                0x00000000080019f4                RTC_Alarm_IRQHandler
                0x00000000080019f4                EXTI2_IRQHandler
                0x00000000080019f4                TIM1_CC_IRQHandler
                0x00000000080019f4                PVD_IRQHandler
                0x00000000080019f4                EXTI3_IRQHandler
                0x00000000080019f4                EXTI0_IRQHandler
                0x00000000080019f4                ADC1_2_IRQHandler
                0x00000000080019f4                SPI1_IRQHandler
                0x00000000080019f4                TAMPER_IRQHandler
                0x00000000080019f4                DMA1_Channel4_IRQHandler
                0x00000000080019f4                RTC_IRQHandler
                0x00000000080019f4                DMA1_Channel7_IRQHandler
                0x00000000080019f4                CAN1_RX1_IRQHandler
                0x00000000080019f4                I2C1_EV_IRQHandler
                0x00000000080019f4                DMA1_Channel6_IRQHandler
                0x00000000080019f4                TIM3_IRQHandler
                0x00000000080019f4                RCC_IRQHandler
                0x00000000080019f4                TIM1_TRG_COM_IRQHandler
                0x00000000080019f4                DMA1_Channel1_IRQHandler
                0x00000000080019f4                Default_Handler
                0x00000000080019f4                EXTI15_10_IRQHandler
                0x00000000080019f4                EXTI9_5_IRQHandler
                0x00000000080019f4                DMA1_Channel5_IRQHandler
                0x00000000080019f4                EXTI4_IRQHandler
                0x00000000080019f4                USB_LP_CAN1_RX0_IRQHandler
                0x00000000080019f4                USB_HP_CAN1_TX_IRQHandler
                0x00000000080019f4                DMA1_Channel3_IRQHandler
                0x00000000080019f4                TIM1_UP_IRQHandler
                0x00000000080019f4                WWDG_IRQHandler
                0x00000000080019f4                TIM1_BRK_IRQHandler
                0x00000000080019f4                EXTI1_IRQHandler
                0x00000000080019f4                USART2_IRQHandler
                0x00000000080019f4                DMA1_Channel2_IRQHandler
                0x00000000080019f4                CAN1_SCE_IRQHandler
                0x00000000080019f4                FLASH_IRQHandler
                0x00000000080019f4                USART1_IRQHandler
                0x00000000080019f4                I2C1_ER_IRQHandler
                0x00000000080019f4                USBWakeUp_IRQHandler
 *fill*         0x00000000080019f6        0x2 
 .text.HAL_Init
                0x00000000080019f8       0x2c ./Drivers/STM32F1xx_HAL_Driver/Src/stm32f1xx_hal.o
                0x00000000080019f8                HAL_Init
 .text.HAL_InitTick
                0x0000000008001a24       0x60 ./Drivers/STM32F1xx_HAL_Driver/Src/stm32f1xx_hal.o
                0x0000000008001a24                HAL_InitTick
 .text.HAL_IncTick
                0x0000000008001a84       0x24 ./Drivers/STM32F1xx_HAL_Driver/Src/stm32f1xx_hal.o
                0x0000000008001a84                HAL_IncTick
 .text.HAL_GetTick
                0x0000000008001aa8       0x14 ./Drivers/STM32F1xx_HAL_Driver/Src/stm32f1xx_hal.o
                0x0000000008001aa8                HAL_GetTick
 .text.__NVIC_SetPriorityGrouping
                0x0000000008001abc       0x48 ./Drivers/STM32F1xx_HAL_Driver/Src/stm32f1xx_hal_cortex.o
 .text.__NVIC_GetPriorityGrouping
                0x0000000008001b04       0x1c ./Drivers/STM32F1xx_HAL_Driver/Src/stm32f1xx_hal_cortex.o
 .text.__NVIC_EnableIRQ
                0x0000000008001b20       0x38 ./Drivers/STM32F1xx_HAL_Driver/Src/stm32f1xx_hal_cortex.o
 .text.__NVIC_SetPriority
                0x0000000008001b58       0x54 ./Drivers/STM32F1xx_HAL_Driver/Src/stm32f1xx_hal_cortex.o
 .text.NVIC_EncodePriority
                0x0000000008001bac       0x64 ./Drivers/STM32F1xx_HAL_Driver/Src/stm32f1xx_hal_cortex.o
 .text.SysTick_Config
                0x0000000008001c10       0x44 ./Drivers/STM32F1xx_HAL_Driver/Src/stm32f1xx_hal_cortex.o
 .text.HAL_NVIC_SetPriorityGrouping
                0x0000000008001c54       0x16 ./Drivers/STM32F1xx_HAL_Driver/Src/stm32f1xx_hal_cortex.o
                0x0000000008001c54                HAL_NVIC_SetPriorityGrouping
 .text.HAL_NVIC_SetPriority
                0x0000000008001c6a       0x38 ./Drivers/STM32F1xx_HAL_Driver/Src/stm32f1xx_hal_cortex.o
                0x0000000008001c6a                HAL_NVIC_SetPriority
 .text.HAL_NVIC_EnableIRQ
                0x0000000008001ca2       0x1c ./Drivers/STM32F1xx_HAL_Driver/Src/stm32f1xx_hal_cortex.o
                0x0000000008001ca2                HAL_NVIC_EnableIRQ
 .text.HAL_SYSTICK_Config
                0x0000000008001cbe       0x18 ./Drivers/STM32F1xx_HAL_Driver/Src/stm32f1xx_hal_cortex.o
                0x0000000008001cbe                HAL_SYSTICK_Config
 *fill*         0x0000000008001cd6        0x2 
 .text.HAL_GPIO_Init
                0x0000000008001cd8      0x2f4 ./Drivers/STM32F1xx_HAL_Driver/Src/stm32f1xx_hal_gpio.o
                0x0000000008001cd8                HAL_GPIO_Init
 .text.HAL_GPIO_ReadPin
                0x0000000008001fcc       0x2e ./Drivers/STM32F1xx_HAL_Driver/Src/stm32f1xx_hal_gpio.o
                0x0000000008001fcc                HAL_GPIO_ReadPin
 .text.HAL_GPIO_WritePin
                0x0000000008001ffa       0x30 ./Drivers/STM32F1xx_HAL_Driver/Src/stm32f1xx_hal_gpio.o
                0x0000000008001ffa                HAL_GPIO_WritePin
 .text.HAL_GPIO_TogglePin
                0x000000000800202a       0x32 ./Drivers/STM32F1xx_HAL_Driver/Src/stm32f1xx_hal_gpio.o
                0x000000000800202a                HAL_GPIO_TogglePin
 .text.HAL_RCC_OscConfig
                0x000000000800205c      0x500 ./Drivers/STM32F1xx_HAL_Driver/Src/stm32f1xx_hal_rcc.o
                0x000000000800205c                HAL_RCC_OscConfig
 .text.HAL_RCC_ClockConfig
                0x000000000800255c      0x1d4 ./Drivers/STM32F1xx_HAL_Driver/Src/stm32f1xx_hal_rcc.o
                0x000000000800255c                HAL_RCC_ClockConfig
 .text.HAL_RCC_GetSysClockFreq
                0x0000000008002730       0xa8 ./Drivers/STM32F1xx_HAL_Driver/Src/stm32f1xx_hal_rcc.o
                0x0000000008002730                HAL_RCC_GetSysClockFreq
 .text.RCC_Delay
                0x00000000080027d8       0x3c ./Drivers/STM32F1xx_HAL_Driver/Src/stm32f1xx_hal_rcc.o
 .text.HAL_TIM_Base_Init
                0x0000000008002814       0x9e ./Drivers/STM32F1xx_HAL_Driver/Src/stm32f1xx_hal_tim.o
                0x0000000008002814                HAL_TIM_Base_Init
 *fill*         0x00000000080028b2        0x2 
 .text.HAL_TIM_Base_Start_IT
                0x00000000080028b4       0x98 ./Drivers/STM32F1xx_HAL_Driver/Src/stm32f1xx_hal_tim.o
                0x00000000080028b4                HAL_TIM_Base_Start_IT
 .text.HAL_TIM_IRQHandler
                0x000000000800294c      0x210 ./Drivers/STM32F1xx_HAL_Driver/Src/stm32f1xx_hal_tim.o
                0x000000000800294c                HAL_TIM_IRQHandler
 .text.HAL_TIM_ConfigClockSource
                0x0000000008002b5c      0x18e ./Drivers/STM32F1xx_HAL_Driver/Src/stm32f1xx_hal_tim.o
                0x0000000008002b5c                HAL_TIM_ConfigClockSource
 .text.HAL_TIM_OC_DelayElapsedCallback
                0x0000000008002cea       0x12 ./Drivers/STM32F1xx_HAL_Driver/Src/stm32f1xx_hal_tim.o
                0x0000000008002cea                HAL_TIM_OC_DelayElapsedCallback
 .text.HAL_TIM_IC_CaptureCallback
                0x0000000008002cfc       0x12 ./Drivers/STM32F1xx_HAL_Driver/Src/stm32f1xx_hal_tim.o
                0x0000000008002cfc                HAL_TIM_IC_CaptureCallback
 .text.HAL_TIM_PWM_PulseFinishedCallback
                0x0000000008002d0e       0x12 ./Drivers/STM32F1xx_HAL_Driver/Src/stm32f1xx_hal_tim.o
                0x0000000008002d0e                HAL_TIM_PWM_PulseFinishedCallback
 .text.HAL_TIM_TriggerCallback
                0x0000000008002d20       0x12 ./Drivers/STM32F1xx_HAL_Driver/Src/stm32f1xx_hal_tim.o
                0x0000000008002d20                HAL_TIM_TriggerCallback
 *fill*         0x0000000008002d32        0x2 
 .text.TIM_Base_SetConfig
                0x0000000008002d34       0xb0 ./Drivers/STM32F1xx_HAL_Driver/Src/stm32f1xx_hal_tim.o
                0x0000000008002d34                TIM_Base_SetConfig
 .text.TIM_TI1_ConfigInputStage
                0x0000000008002de4       0x5c ./Drivers/STM32F1xx_HAL_Driver/Src/stm32f1xx_hal_tim.o
 .text.TIM_TI2_ConfigInputStage
                0x0000000008002e40       0x5e ./Drivers/STM32F1xx_HAL_Driver/Src/stm32f1xx_hal_tim.o
 .text.TIM_ITRx_SetConfig
                0x0000000008002e9e       0x34 ./Drivers/STM32F1xx_HAL_Driver/Src/stm32f1xx_hal_tim.o
 .text.TIM_ETR_SetConfig
                0x0000000008002ed2       0x3e ./Drivers/STM32F1xx_HAL_Driver/Src/stm32f1xx_hal_tim.o
                0x0000000008002ed2                TIM_ETR_SetConfig
 .text.HAL_TIMEx_MasterConfigSynchronization
                0x0000000008002f10       0xb0 ./Drivers/STM32F1xx_HAL_Driver/Src/stm32f1xx_hal_tim_ex.o
                0x0000000008002f10                HAL_TIMEx_MasterConfigSynchronization
 .text.HAL_TIMEx_CommutCallback
                0x0000000008002fc0       0x12 ./Drivers/STM32F1xx_HAL_Driver/Src/stm32f1xx_hal_tim_ex.o
                0x0000000008002fc0                HAL_TIMEx_CommutCallback
 .text.HAL_TIMEx_BreakCallback
                0x0000000008002fd2       0x12 ./Drivers/STM32F1xx_HAL_Driver/Src/stm32f1xx_hal_tim_ex.o
                0x0000000008002fd2                HAL_TIMEx_BreakCallback
 .text.__libc_init_array
                0x0000000008002fe4       0x48 c:/st/stm32cubeide_1.7.0/stm32cubeide/plugins/com.st.stm32cube.ide.mcu.externaltools.gnu-tools-for-stm32.9-2020-q2-update.win32_2.0.0.202105311346/tools/bin/../lib/gcc/arm-none-eabi/9.3.1/../../../../arm-none-eabi/lib/thumb/v7-m/nofp\libc_nano.a(lib_a-init.o)
                0x0000000008002fe4                __libc_init_array
 .text.memset   0x000000000800302c       0x10 c:/st/stm32cubeide_1.7.0/stm32cubeide/plugins/com.st.stm32cube.ide.mcu.externaltools.gnu-tools-for-stm32.9-2020-q2-update.win32_2.0.0.202105311346/tools/bin/../lib/gcc/arm-none-eabi/9.3.1/../../../../arm-none-eabi/lib/thumb/v7-m/nofp\libc_nano.a(lib_a-memset.o)
                0x000000000800302c                memset
 *(.glue_7)
 .glue_7        0x000000000800303c        0x0 linker stubs
 *(.glue_7t)
 .glue_7t       0x000000000800303c        0x0 linker stubs
 *(.eh_frame)
 .eh_frame      0x000000000800303c        0x0 c:/st/stm32cubeide_1.7.0/stm32cubeide/plugins/com.st.stm32cube.ide.mcu.externaltools.gnu-tools-for-stm32.9-2020-q2-update.win32_2.0.0.202105311346/tools/bin/../lib/gcc/arm-none-eabi/9.3.1/thumb/v7-m/nofp/crtbegin.o
 *(.init)
 .init          0x000000000800303c        0x4 c:/st/stm32cubeide_1.7.0/stm32cubeide/plugins/com.st.stm32cube.ide.mcu.externaltools.gnu-tools-for-stm32.9-2020-q2-update.win32_2.0.0.202105311346/tools/bin/../lib/gcc/arm-none-eabi/9.3.1/thumb/v7-m/nofp/crti.o
                0x000000000800303c                _init
 .init          0x0000000008003040        0x8 c:/st/stm32cubeide_1.7.0/stm32cubeide/plugins/com.st.stm32cube.ide.mcu.externaltools.gnu-tools-for-stm32.9-2020-q2-update.win32_2.0.0.202105311346/tools/bin/../lib/gcc/arm-none-eabi/9.3.1/thumb/v7-m/nofp/crtn.o
 *(.fini)
 .fini          0x0000000008003048        0x4 c:/st/stm32cubeide_1.7.0/stm32cubeide/plugins/com.st.stm32cube.ide.mcu.externaltools.gnu-tools-for-stm32.9-2020-q2-update.win32_2.0.0.202105311346/tools/bin/../lib/gcc/arm-none-eabi/9.3.1/thumb/v7-m/nofp/crti.o
                0x0000000008003048                _fini
 .fini          0x000000000800304c        0x8 c:/st/stm32cubeide_1.7.0/stm32cubeide/plugins/com.st.stm32cube.ide.mcu.externaltools.gnu-tools-for-stm32.9-2020-q2-update.win32_2.0.0.202105311346/tools/bin/../lib/gcc/arm-none-eabi/9.3.1/thumb/v7-m/nofp/crtn.o
                0x0000000008003054                . = ALIGN (0x4)
                0x0000000008003054                _etext = .

.vfp11_veneer   0x0000000008003054        0x0
 .vfp11_veneer  0x0000000008003054        0x0 linker stubs

.v4_bx          0x0000000008003054        0x0
 .v4_bx         0x0000000008003054        0x0 linker stubs

.iplt           0x0000000008003054        0x0
 .iplt          0x0000000008003054        0x0 c:/st/stm32cubeide_1.7.0/stm32cubeide/plugins/com.st.stm32cube.ide.mcu.externaltools.gnu-tools-for-stm32.9-2020-q2-update.win32_2.0.0.202105311346/tools/bin/../lib/gcc/arm-none-eabi/9.3.1/thumb/v7-m/nofp/crtbegin.o

.rodata         0x0000000008003054       0x24
                0x0000000008003054                . = ALIGN (0x4)
 *(.rodata)
 *(.rodata*)
 .rodata.AHBPrescTable
                0x0000000008003054       0x10 ./Core/Src/system_stm32f1xx.o
                0x0000000008003054                AHBPrescTable
 .rodata.aPLLMULFactorTable.6032
                0x0000000008003064       0x10 ./Drivers/STM32F1xx_HAL_Driver/Src/stm32f1xx_hal_rcc.o
 .rodata.aPredivFactorTable.6033
                0x0000000008003074        0x2 ./Drivers/STM32F1xx_HAL_Driver/Src/stm32f1xx_hal_rcc.o
                0x0000000008003078                . = ALIGN (0x4)
 *fill*         0x0000000008003076        0x2 

.rel.dyn        0x0000000008003078        0x0
 .rel.iplt      0x0000000008003078        0x0 c:/st/stm32cubeide_1.7.0/stm32cubeide/plugins/com.st.stm32cube.ide.mcu.externaltools.gnu-tools-for-stm32.9-2020-q2-update.win32_2.0.0.202105311346/tools/bin/../lib/gcc/arm-none-eabi/9.3.1/thumb/v7-m/nofp/crtbegin.o

.ARM.extab      0x0000000008003078        0x0
                0x0000000008003078                . = ALIGN (0x4)
 *(.ARM.extab* .gnu.linkonce.armextab.*)
                0x0000000008003078                . = ALIGN (0x4)

.ARM            0x0000000008003078        0x0
                0x0000000008003078                . = ALIGN (0x4)
                0x0000000008003078                __exidx_start = .
 *(.ARM.exidx*)
                0x0000000008003078                __exidx_end = .
                0x0000000008003078                . = ALIGN (0x4)

.preinit_array  0x0000000008003078        0x0
                0x0000000008003078                . = ALIGN (0x4)
                0x0000000008003078                PROVIDE (__preinit_array_start = .)
 *(.preinit_array*)
                0x0000000008003078                PROVIDE (__preinit_array_end = .)
                0x0000000008003078                . = ALIGN (0x4)

.init_array     0x0000000008003078        0x4
                0x0000000008003078                . = ALIGN (0x4)
                0x0000000008003078                PROVIDE (__init_array_start = .)
 *(SORT_BY_NAME(.init_array.*))
 *(.init_array*)
 .init_array    0x0000000008003078        0x4 c:/st/stm32cubeide_1.7.0/stm32cubeide/plugins/com.st.stm32cube.ide.mcu.externaltools.gnu-tools-for-stm32.9-2020-q2-update.win32_2.0.0.202105311346/tools/bin/../lib/gcc/arm-none-eabi/9.3.1/thumb/v7-m/nofp/crtbegin.o
                0x000000000800307c                PROVIDE (__init_array_end = .)
                0x000000000800307c                . = ALIGN (0x4)

.fini_array     0x000000000800307c        0x4
                0x000000000800307c                . = ALIGN (0x4)
                [!provide]                        PROVIDE (__fini_array_start = .)
 *(SORT_BY_NAME(.fini_array.*))
 *(.fini_array*)
 .fini_array    0x000000000800307c        0x4 c:/st/stm32cubeide_1.7.0/stm32cubeide/plugins/com.st.stm32cube.ide.mcu.externaltools.gnu-tools-for-stm32.9-2020-q2-update.win32_2.0.0.202105311346/tools/bin/../lib/gcc/arm-none-eabi/9.3.1/thumb/v7-m/nofp/crtbegin.o
                [!provide]                        PROVIDE (__fini_array_end = .)
                0x0000000008003080                . = ALIGN (0x4)
                0x0000000008003080                _sidata = LOADADDR (.data)

.data           0x0000000020000000       0x68 load address 0x0000000008003080
                0x0000000020000000                . = ALIGN (0x4)
                0x0000000020000000                _sdata = .
 *(.data)
 *(.data*)
 .data.keyReg0  0x0000000020000000        0xc ./Core/Src/button.o
                0x0000000020000000                keyReg0
 .data.keyReg1  0x000000002000000c        0xc ./Core/Src/button.o
                0x000000002000000c                keyReg1
 .data.keyReg2  0x0000000020000018        0xc ./Core/Src/button.o
                0x0000000020000018                keyReg2
 .data.keyReg3  0x0000000020000024        0xc ./Core/Src/button.o
                0x0000000020000024                keyReg3
 .data.time_for_key_press
                0x0000000020000030        0xc ./Core/Src/button.o
                0x0000000020000030                time_for_key_press
 .data.state_lightTraffic
                0x000000002000003c        0x4 ./Core/Src/control_lightTraffic.o
                0x000000002000003c                state_lightTraffic
 .data.time_red1
                0x0000000020000040        0x4 ./Core/Src/global.o
                0x0000000020000040                time_red1
 .data.time_yellow1
                0x0000000020000044        0x4 ./Core/Src/global.o
                0x0000000020000044                time_yellow1
 .data.time_green1
                0x0000000020000048        0x4 ./Core/Src/global.o
                0x0000000020000048                time_green1
 .data.time_red2
                0x000000002000004c        0x4 ./Core/Src/global.o
                0x000000002000004c                time_red2
 .data.time_yellow2
                0x0000000020000050        0x4 ./Core/Src/global.o
                0x0000000020000050                time_yellow2
 .data.time_green2
                0x0000000020000054        0x4 ./Core/Src/global.o
                0x0000000020000054                time_green2
 .data.DURATION_DIVIDE
                0x0000000020000058        0x4 ./Core/Src/software_timer.o
                0x0000000020000058                DURATION_DIVIDE
 .data.SystemCoreClock
                0x000000002000005c        0x4 ./Core/Src/system_stm32f1xx.o
                0x000000002000005c                SystemCoreClock
 .data.uwTickPrio
                0x0000000020000060        0x4 ./Drivers/STM32F1xx_HAL_Driver/Src/stm32f1xx_hal.o
                0x0000000020000060                uwTickPrio
 .data.uwTickFreq
                0x0000000020000064        0x1 ./Drivers/STM32F1xx_HAL_Driver/Src/stm32f1xx_hal.o
                0x0000000020000064                uwTickFreq
 *(.RamFunc)
 *(.RamFunc*)
                0x0000000020000068                . = ALIGN (0x4)
 *fill*         0x0000000020000065        0x3 
                0x0000000020000068                _edata = .

.igot.plt       0x0000000020000068        0x0 load address 0x00000000080030e8
 .igot.plt      0x0000000020000068        0x0 c:/st/stm32cubeide_1.7.0/stm32cubeide/plugins/com.st.stm32cube.ide.mcu.externaltools.gnu-tools-for-stm32.9-2020-q2-update.win32_2.0.0.202105311346/tools/bin/../lib/gcc/arm-none-eabi/9.3.1/thumb/v7-m/nofp/crtbegin.o
                0x0000000020000068                . = ALIGN (0x4)

.bss            0x0000000020000068       0xc8 load address 0x00000000080030e8
                0x0000000020000068                _sbss = .
                0x0000000020000068                __bss_start__ = _sbss
 *(.bss)
 .bss           0x0000000020000068       0x1c c:/st/stm32cubeide_1.7.0/stm32cubeide/plugins/com.st.stm32cube.ide.mcu.externaltools.gnu-tools-for-stm32.9-2020-q2-update.win32_2.0.0.202105311346/tools/bin/../lib/gcc/arm-none-eabi/9.3.1/thumb/v7-m/nofp/crtbegin.o
 *(.bss*)
 .bss.button_flag_pressed_once
                0x0000000020000084        0xc ./Core/Src/button.o
                0x0000000020000084                button_flag_pressed_once
 .bss.button_flag_pressed_hold
                0x0000000020000090        0xc ./Core/Src/button.o
                0x0000000020000090                button_flag_pressed_hold
 .bss.en_pressed_once
                0x000000002000009c        0xc ./Core/Src/button.o
                0x000000002000009c                en_pressed_once
 .bss.temp_change_time
                0x00000000200000a8        0x4 ./Core/Src/control_all.o
                0x00000000200000a8                temp_change_time
 .bss.time_red_old
                0x00000000200000ac        0x4 ./Core/Src/control_all.o
                0x00000000200000ac                time_red_old
 .bss.time_yellow_old
                0x00000000200000b0        0x4 ./Core/Src/control_all.o
                0x00000000200000b0                time_yellow_old
 .bss.time_green_old
                0x00000000200000b4        0x4 ./Core/Src/control_all.o
                0x00000000200000b4                time_green_old
 .bss.error_flag
                0x00000000200000b8        0x4 ./Core/Src/control_all.o
                0x00000000200000b8                error_flag
 .bss.enable_seg
                0x00000000200000bc        0x4 ./Core/Src/control_led7seg.o
                0x00000000200000bc                enable_seg
 .bss.status    0x00000000200000c0        0x4 ./Core/Src/global.o
                0x00000000200000c0                status
 .bss.time_road1
                0x00000000200000c4        0x4 ./Core/Src/global.o
                0x00000000200000c4                time_road1
 .bss.time_road2
                0x00000000200000c8        0x4 ./Core/Src/global.o
                0x00000000200000c8                time_road2
 .bss.timer1_counter
                0x00000000200000cc        0x4 ./Core/Src/software_timer.o
                0x00000000200000cc                timer1_counter
 .bss.timer1_flag
                0x00000000200000d0        0x4 ./Core/Src/software_timer.o
                0x00000000200000d0                timer1_flag
 .bss.timer2_counter
                0x00000000200000d4        0x4 ./Core/Src/software_timer.o
                0x00000000200000d4                timer2_counter
 .bss.timer2_flag
                0x00000000200000d8        0x4 ./Core/Src/software_timer.o
                0x00000000200000d8                timer2_flag
 .bss.timer3_counter
                0x00000000200000dc        0x4 ./Core/Src/software_timer.o
                0x00000000200000dc                timer3_counter
 .bss.timer3_flag
                0x00000000200000e0        0x4 ./Core/Src/software_timer.o
                0x00000000200000e0                timer3_flag
 *(COMMON)
 COMMON         0x00000000200000e4       0x48 ./Core/Src/main.o
                0x00000000200000e4                htim2
 COMMON         0x000000002000012c        0x4 ./Drivers/STM32F1xx_HAL_Driver/Src/stm32f1xx_hal.o
                0x000000002000012c                uwTick
                0x0000000020000130                . = ALIGN (0x4)
                0x0000000020000130                _ebss = .
                0x0000000020000130                __bss_end__ = _ebss

._user_heap_stack
                0x0000000020000130      0x600 load address 0x00000000080030e8
                0x0000000020000130                . = ALIGN (0x8)
                [!provide]                        PROVIDE (end = .)
                0x0000000020000130                PROVIDE (_end = .)
                0x0000000020000330                . = (. + _Min_Heap_Size)
 *fill*         0x0000000020000130      0x200 
                0x0000000020000730                . = (. + _Min_Stack_Size)
 *fill*         0x0000000020000330      0x400 
                0x0000000020000730                . = ALIGN (0x8)

/DISCARD/
 libc.a(*)
 libm.a(*)
 libgcc.a(*)

.ARM.attributes
                0x0000000000000000       0x29
 *(.ARM.attributes)
 .ARM.attributes
                0x0000000000000000       0x1d c:/st/stm32cubeide_1.7.0/stm32cubeide/plugins/com.st.stm32cube.ide.mcu.externaltools.gnu-tools-for-stm32.9-2020-q2-update.win32_2.0.0.202105311346/tools/bin/../lib/gcc/arm-none-eabi/9.3.1/thumb/v7-m/nofp/crti.o
 .ARM.attributes
                0x000000000000001d       0x2d c:/st/stm32cubeide_1.7.0/stm32cubeide/plugins/com.st.stm32cube.ide.mcu.externaltools.gnu-tools-for-stm32.9-2020-q2-update.win32_2.0.0.202105311346/tools/bin/../lib/gcc/arm-none-eabi/9.3.1/thumb/v7-m/nofp/crtbegin.o
 .ARM.attributes
                0x000000000000004a       0x2d ./Core/Src/button.o
 .ARM.attributes
                0x0000000000000077       0x2d ./Core/Src/control_all.o
 .ARM.attributes
                0x00000000000000a4       0x2d ./Core/Src/control_led7seg.o
 .ARM.attributes
                0x00000000000000d1       0x2d ./Core/Src/control_lightTraffic.o
 .ARM.attributes
                0x00000000000000fe       0x2d ./Core/Src/displayLed7seg.o
 .ARM.attributes
                0x000000000000012b       0x2d ./Core/Src/displayLightTraffic.o
 .ARM.attributes
                0x0000000000000158       0x33 ./Core/Src/global.o
 .ARM.attributes
                0x000000000000018b       0x2d ./Core/Src/main.o
 .ARM.attributes
                0x00000000000001b8       0x2d ./Core/Src/software_timer.o
 .ARM.attributes
                0x00000000000001e5       0x2d ./Core/Src/stm32f1xx_hal_msp.o
 .ARM.attributes
                0x0000000000000212       0x2d ./Core/Src/stm32f1xx_it.o
 .ARM.attributes
                0x000000000000023f       0x2d ./Core/Src/system_stm32f1xx.o
 .ARM.attributes
                0x000000000000026c       0x21 ./Core/Startup/startup_stm32f103c6ux.o
 .ARM.attributes
                0x000000000000028d       0x2d ./Drivers/STM32F1xx_HAL_Driver/Src/stm32f1xx_hal.o
 .ARM.attributes
                0x00000000000002ba       0x2d ./Drivers/STM32F1xx_HAL_Driver/Src/stm32f1xx_hal_cortex.o
 .ARM.attributes
                0x00000000000002e7       0x2d ./Drivers/STM32F1xx_HAL_Driver/Src/stm32f1xx_hal_gpio.o
 .ARM.attributes
                0x0000000000000314       0x2d ./Drivers/STM32F1xx_HAL_Driver/Src/stm32f1xx_hal_rcc.o
 .ARM.attributes
                0x0000000000000341       0x2d ./Drivers/STM32F1xx_HAL_Driver/Src/stm32f1xx_hal_tim.o
 .ARM.attributes
                0x000000000000036e       0x2d ./Drivers/STM32F1xx_HAL_Driver/Src/stm32f1xx_hal_tim_ex.o
 .ARM.attributes
                0x000000000000039b       0x2d c:/st/stm32cubeide_1.7.0/stm32cubeide/plugins/com.st.stm32cube.ide.mcu.externaltools.gnu-tools-for-stm32.9-2020-q2-update.win32_2.0.0.202105311346/tools/bin/../lib/gcc/arm-none-eabi/9.3.1/../../../../arm-none-eabi/lib/thumb/v7-m/nofp\libc_nano.a(lib_a-init.o)
 .ARM.attributes
                0x00000000000003c8       0x2d c:/st/stm32cubeide_1.7.0/stm32cubeide/plugins/com.st.stm32cube.ide.mcu.externaltools.gnu-tools-for-stm32.9-2020-q2-update.win32_2.0.0.202105311346/tools/bin/../lib/gcc/arm-none-eabi/9.3.1/../../../../arm-none-eabi/lib/thumb/v7-m/nofp\libc_nano.a(lib_a-memset.o)
 .ARM.attributes
                0x00000000000003f5       0x1d c:/st/stm32cubeide_1.7.0/stm32cubeide/plugins/com.st.stm32cube.ide.mcu.externaltools.gnu-tools-for-stm32.9-2020-q2-update.win32_2.0.0.202105311346/tools/bin/../lib/gcc/arm-none-eabi/9.3.1/thumb/v7-m/nofp/crtn.o
OUTPUT(LAB3.elf elf32-littlearm)
LOAD linker stubs
LOAD c:/st/stm32cubeide_1.7.0/stm32cubeide/plugins/com.st.stm32cube.ide.mcu.externaltools.gnu-tools-for-stm32.9-2020-q2-update.win32_2.0.0.202105311346/tools/bin/../lib/gcc/arm-none-eabi/9.3.1/../../../../arm-none-eabi/lib/thumb/v7-m/nofp\libc.a
LOAD c:/st/stm32cubeide_1.7.0/stm32cubeide/plugins/com.st.stm32cube.ide.mcu.externaltools.gnu-tools-for-stm32.9-2020-q2-update.win32_2.0.0.202105311346/tools/bin/../lib/gcc/arm-none-eabi/9.3.1/../../../../arm-none-eabi/lib/thumb/v7-m/nofp\libm.a
LOAD c:/st/stm32cubeide_1.7.0/stm32cubeide/plugins/com.st.stm32cube.ide.mcu.externaltools.gnu-tools-for-stm32.9-2020-q2-update.win32_2.0.0.202105311346/tools/bin/../lib/gcc/arm-none-eabi/9.3.1/thumb/v7-m/nofp\libgcc.a

.debug_info     0x0000000000000000     0x9932
 .debug_info    0x0000000000000000      0x405 ./Core/Src/button.o
 .debug_info    0x0000000000000405      0x2f4 ./Core/Src/control_all.o
 .debug_info    0x00000000000006f9      0x2f3 ./Core/Src/control_led7seg.o
 .debug_info    0x00000000000009ec      0x272 ./Core/Src/control_lightTraffic.o
 .debug_info    0x0000000000000c5e      0x287 ./Core/Src/displayLed7seg.o
 .debug_info    0x0000000000000ee5      0x2f3 ./Core/Src/displayLightTraffic.o
 .debug_info    0x00000000000011d8      0x113 ./Core/Src/global.o
 .debug_info    0x00000000000012eb      0xc2f ./Core/Src/main.o
 .debug_info    0x0000000000001f1a      0x147 ./Core/Src/software_timer.o
 .debug_info    0x0000000000002061      0xa09 ./Core/Src/stm32f1xx_hal_msp.o
 .debug_info    0x0000000000002a6a      0x7b9 ./Core/Src/stm32f1xx_it.o
 .debug_info    0x0000000000003223      0x2be ./Core/Src/system_stm32f1xx.o
 .debug_info    0x00000000000034e1       0x22 ./Core/Startup/startup_stm32f103c6ux.o
 .debug_info    0x0000000000003503      0x74c ./Drivers/STM32F1xx_HAL_Driver/Src/stm32f1xx_hal.o
 .debug_info    0x0000000000003c4f      0xbbe ./Drivers/STM32F1xx_HAL_Driver/Src/stm32f1xx_hal_cortex.o
 .debug_info    0x000000000000480d      0x701 ./Drivers/STM32F1xx_HAL_Driver/Src/stm32f1xx_hal_gpio.o
 .debug_info    0x0000000000004f0e      0x893 ./Drivers/STM32F1xx_HAL_Driver/Src/stm32f1xx_hal_rcc.o
 .debug_info    0x00000000000057a1     0x2c12 ./Drivers/STM32F1xx_HAL_Driver/Src/stm32f1xx_hal_tim.o
 .debug_info    0x00000000000083b3     0x157f ./Drivers/STM32F1xx_HAL_Driver/Src/stm32f1xx_hal_tim_ex.o

.debug_abbrev   0x0000000000000000     0x1c6f
 .debug_abbrev  0x0000000000000000      0x1a4 ./Core/Src/button.o
 .debug_abbrev  0x00000000000001a4       0xe1 ./Core/Src/control_all.o
 .debug_abbrev  0x0000000000000285      0x112 ./Core/Src/control_led7seg.o
 .debug_abbrev  0x0000000000000397       0xc5 ./Core/Src/control_lightTraffic.o
 .debug_abbrev  0x000000000000045c      0x146 ./Core/Src/displayLed7seg.o
 .debug_abbrev  0x00000000000005a2       0xff ./Core/Src/displayLightTraffic.o
 .debug_abbrev  0x00000000000006a1       0x40 ./Core/Src/global.o
 .debug_abbrev  0x00000000000006e1      0x22c ./Core/Src/main.o
 .debug_abbrev  0x000000000000090d       0xb6 ./Core/Src/software_timer.o
 .debug_abbrev  0x00000000000009c3      0x1b7 ./Core/Src/stm32f1xx_hal_msp.o
 .debug_abbrev  0x0000000000000b7a      0x176 ./Core/Src/stm32f1xx_it.o
 .debug_abbrev  0x0000000000000cf0      0x14e ./Core/Src/system_stm32f1xx.o
 .debug_abbrev  0x0000000000000e3e       0x12 ./Core/Startup/startup_stm32f103c6ux.o
 .debug_abbrev  0x0000000000000e50      0x1ed ./Drivers/STM32F1xx_HAL_Driver/Src/stm32f1xx_hal.o
 .debug_abbrev  0x000000000000103d      0x313 ./Drivers/STM32F1xx_HAL_Driver/Src/stm32f1xx_hal_cortex.o
 .debug_abbrev  0x0000000000001350      0x1e8 ./Drivers/STM32F1xx_HAL_Driver/Src/stm32f1xx_hal_gpio.o
 .debug_abbrev  0x0000000000001538      0x273 ./Drivers/STM32F1xx_HAL_Driver/Src/stm32f1xx_hal_rcc.o
 .debug_abbrev  0x00000000000017ab      0x25e ./Drivers/STM32F1xx_HAL_Driver/Src/stm32f1xx_hal_tim.o
 .debug_abbrev  0x0000000000001a09      0x266 ./Drivers/STM32F1xx_HAL_Driver/Src/stm32f1xx_hal_tim_ex.o

.debug_aranges  0x0000000000000000      0xb20
 .debug_aranges
                0x0000000000000000       0x50 ./Core/Src/button.o
 .debug_aranges
                0x0000000000000050       0x50 ./Core/Src/control_all.o
 .debug_aranges
                0x00000000000000a0       0x28 ./Core/Src/control_led7seg.o
 .debug_aranges
                0x00000000000000c8       0x38 ./Core/Src/control_lightTraffic.o
 .debug_aranges
                0x0000000000000100       0x30 ./Core/Src/displayLed7seg.o
 .debug_aranges
                0x0000000000000130       0x70 ./Core/Src/displayLightTraffic.o
 .debug_aranges
                0x00000000000001a0       0x18 ./Core/Src/global.o
 .debug_aranges
                0x00000000000001b8       0x48 ./Core/Src/main.o
 .debug_aranges
                0x0000000000000200       0x38 ./Core/Src/software_timer.o
 .debug_aranges
                0x0000000000000238       0x30 ./Core/Src/stm32f1xx_hal_msp.o
 .debug_aranges
                0x0000000000000268       0x68 ./Core/Src/stm32f1xx_it.o
 .debug_aranges
                0x00000000000002d0       0x28 ./Core/Src/system_stm32f1xx.o
 .debug_aranges
                0x00000000000002f8       0x28 ./Core/Startup/startup_stm32f103c6ux.o
 .debug_aranges
                0x0000000000000320       0xe0 ./Drivers/STM32F1xx_HAL_Driver/Src/stm32f1xx_hal.o
 .debug_aranges
                0x0000000000000400      0x100 ./Drivers/STM32F1xx_HAL_Driver/Src/stm32f1xx_hal_cortex.o
 .debug_aranges
                0x0000000000000500       0x58 ./Drivers/STM32F1xx_HAL_Driver/Src/stm32f1xx_hal_gpio.o
 .debug_aranges
                0x0000000000000558       0x90 ./Drivers/STM32F1xx_HAL_Driver/Src/stm32f1xx_hal_rcc.o
 .debug_aranges
                0x00000000000005e8      0x3d0 ./Drivers/STM32F1xx_HAL_Driver/Src/stm32f1xx_hal_tim.o
 .debug_aranges
                0x00000000000009b8      0x168 ./Drivers/STM32F1xx_HAL_Driver/Src/stm32f1xx_hal_tim_ex.o

.debug_ranges   0x0000000000000000      0x9f0
 .debug_ranges  0x0000000000000000       0x40 ./Core/Src/button.o
 .debug_ranges  0x0000000000000040       0x40 ./Core/Src/control_all.o
 .debug_ranges  0x0000000000000080       0x18 ./Core/Src/control_led7seg.o
 .debug_ranges  0x0000000000000098       0x28 ./Core/Src/control_lightTraffic.o
 .debug_ranges  0x00000000000000c0       0x20 ./Core/Src/displayLed7seg.o
 .debug_ranges  0x00000000000000e0       0x60 ./Core/Src/displayLightTraffic.o
 .debug_ranges  0x0000000000000140       0x38 ./Core/Src/main.o
 .debug_ranges  0x0000000000000178       0x28 ./Core/Src/software_timer.o
 .debug_ranges  0x00000000000001a0       0x20 ./Core/Src/stm32f1xx_hal_msp.o
 .debug_ranges  0x00000000000001c0       0x58 ./Core/Src/stm32f1xx_it.o
 .debug_ranges  0x0000000000000218       0x18 ./Core/Src/system_stm32f1xx.o
 .debug_ranges  0x0000000000000230       0x20 ./Core/Startup/startup_stm32f103c6ux.o
 .debug_ranges  0x0000000000000250       0xd0 ./Drivers/STM32F1xx_HAL_Driver/Src/stm32f1xx_hal.o
 .debug_ranges  0x0000000000000320       0xf0 ./Drivers/STM32F1xx_HAL_Driver/Src/stm32f1xx_hal_cortex.o
 .debug_ranges  0x0000000000000410       0x48 ./Drivers/STM32F1xx_HAL_Driver/Src/stm32f1xx_hal_gpio.o
 .debug_ranges  0x0000000000000458       0x80 ./Drivers/STM32F1xx_HAL_Driver/Src/stm32f1xx_hal_rcc.o
 .debug_ranges  0x00000000000004d8      0x3c0 ./Drivers/STM32F1xx_HAL_Driver/Src/stm32f1xx_hal_tim.o
 .debug_ranges  0x0000000000000898      0x158 ./Drivers/STM32F1xx_HAL_Driver/Src/stm32f1xx_hal_tim_ex.o

.debug_macro    0x0000000000000000    0x16f00
 .debug_macro   0x0000000000000000      0x1bf ./Core/Src/button.o
 .debug_macro   0x00000000000001bf      0xa9c ./Core/Src/button.o
 .debug_macro   0x0000000000000c5b      0x215 ./Core/Src/button.o
 .debug_macro   0x0000000000000e70       0x2e ./Core/Src/button.o
 .debug_macro   0x0000000000000e9e       0x22 ./Core/Src/button.o
 .debug_macro   0x0000000000000ec0       0x22 ./Core/Src/button.o
 .debug_macro   0x0000000000000ee2       0x8e ./Core/Src/button.o
 .debug_macro   0x0000000000000f70       0x51 ./Core/Src/button.o
 .debug_macro   0x0000000000000fc1      0x103 ./Core/Src/button.o
 .debug_macro   0x00000000000010c4       0x6a ./Core/Src/button.o
 .debug_macro   0x000000000000112e      0x1df ./Core/Src/button.o
 .debug_macro   0x000000000000130d       0x1c ./Core/Src/button.o
 .debug_macro   0x0000000000001329       0x22 ./Core/Src/button.o
 .debug_macro   0x000000000000134b       0xc3 ./Core/Src/button.o
 .debug_macro   0x000000000000140e      0xd23 ./Core/Src/button.o
 .debug_macro   0x0000000000002131     0xde75 ./Core/Src/button.o
 .debug_macro   0x000000000000ffa6       0x6d ./Core/Src/button.o
 .debug_macro   0x0000000000010013     0x348d ./Core/Src/button.o
 .debug_macro   0x00000000000134a0      0x174 ./Core/Src/button.o
 .debug_macro   0x0000000000013614       0x5c ./Core/Src/button.o
 .debug_macro   0x0000000000013670      0x5bc ./Core/Src/button.o
 .debug_macro   0x0000000000013c2c      0x1b7 ./Core/Src/button.o
 .debug_macro   0x0000000000013de3      0x1cb ./Core/Src/button.o
 .debug_macro   0x0000000000013fae      0x114 ./Core/Src/button.o
 .debug_macro   0x00000000000140c2      0x1b2 ./Core/Src/button.o
 .debug_macro   0x0000000000014274       0x27 ./Core/Src/button.o
 .debug_macro   0x000000000001429b      0x12f ./Core/Src/button.o
 .debug_macro   0x00000000000143ca      0x1bc ./Core/Src/button.o
 .debug_macro   0x0000000000014586       0x34 ./Core/Src/button.o
 .debug_macro   0x00000000000145ba       0x3c ./Core/Src/button.o
 .debug_macro   0x00000000000145f6       0x57 ./Core/Src/button.o
 .debug_macro   0x000000000001464d       0x87 ./Core/Src/button.o
 .debug_macro   0x00000000000146d4      0x183 ./Core/Src/button.o
 .debug_macro   0x0000000000014857      0x140 ./Core/Src/button.o
 .debug_macro   0x0000000000014997      0x8ed ./Core/Src/button.o
 .debug_macro   0x0000000000015284       0x69 ./Core/Src/button.o
 .debug_macro   0x00000000000152ed      0x130 ./Core/Src/button.o
 .debug_macro   0x000000000001541d       0x16 ./Core/Src/button.o
 .debug_macro   0x0000000000015433      0x1f3 ./Core/Src/control_all.o
 .debug_macro   0x0000000000015626       0x2e ./Core/Src/control_all.o
 .debug_macro   0x0000000000015654       0x1c ./Core/Src/control_all.o
 .debug_macro   0x0000000000015670       0x22 ./Core/Src/control_all.o
 .debug_macro   0x0000000000015692      0x1cd ./Core/Src/control_led7seg.o
 .debug_macro   0x000000000001585f      0x1d2 ./Core/Src/control_lightTraffic.o
 .debug_macro   0x0000000000015a31       0x1c ./Core/Src/control_lightTraffic.o
 .debug_macro   0x0000000000015a4d      0x1b0 ./Core/Src/displayLed7seg.o
 .debug_macro   0x0000000000015bfd      0x1b0 ./Core/Src/displayLightTraffic.o
 .debug_macro   0x0000000000015dad       0x1a ./Core/Src/global.o
 .debug_macro   0x0000000000015dc7      0x205 ./Core/Src/main.o
 .debug_macro   0x0000000000015fcc       0x1b ./Core/Src/software_timer.o
 .debug_macro   0x0000000000015fe7      0x1a6 ./Core/Src/stm32f1xx_hal_msp.o
 .debug_macro   0x000000000001618d      0x1b0 ./Core/Src/stm32f1xx_it.o
 .debug_macro   0x000000000001633d      0x197 ./Core/Src/system_stm32f1xx.o
 .debug_macro   0x00000000000164d4      0x1bb ./Drivers/STM32F1xx_HAL_Driver/Src/stm32f1xx_hal.o
 .debug_macro   0x000000000001668f      0x197 ./Drivers/STM32F1xx_HAL_Driver/Src/stm32f1xx_hal_cortex.o
 .debug_macro   0x0000000000016826      0x202 ./Drivers/STM32F1xx_HAL_Driver/Src/stm32f1xx_hal_gpio.o
 .debug_macro   0x0000000000016a28      0x1a9 ./Drivers/STM32F1xx_HAL_Driver/Src/stm32f1xx_hal_rcc.o
 .debug_macro   0x0000000000016bd1      0x198 ./Drivers/STM32F1xx_HAL_Driver/Src/stm32f1xx_hal_tim.o
 .debug_macro   0x0000000000016d69      0x197 ./Drivers/STM32F1xx_HAL_Driver/Src/stm32f1xx_hal_tim_ex.o

.debug_line     0x0000000000000000     0xc365
 .debug_line    0x0000000000000000      0x7ee ./Core/Src/button.o
 .debug_line    0x00000000000007ee      0x955 ./Core/Src/control_all.o
 .debug_line    0x0000000000001143      0x6e7 ./Core/Src/control_led7seg.o
 .debug_line    0x000000000000182a      0x771 ./Core/Src/control_lightTraffic.o
 .debug_line    0x0000000000001f9b      0x755 ./Core/Src/displayLed7seg.o
 .debug_line    0x00000000000026f0      0x79d ./Core/Src/displayLightTraffic.o
 .debug_line    0x0000000000002e8d       0x4d ./Core/Src/global.o
 .debug_line    0x0000000000002eda      0x811 ./Core/Src/main.o
 .debug_line    0x00000000000036eb       0xfe ./Core/Src/software_timer.o
 .debug_line    0x00000000000037e9      0x6a1 ./Core/Src/stm32f1xx_hal_msp.o
 .debug_line    0x0000000000003e8a      0x73f ./Core/Src/stm32f1xx_it.o
 .debug_line    0x00000000000045c9      0x6e3 ./Core/Src/system_stm32f1xx.o
 .debug_line    0x0000000000004cac       0x86 ./Core/Startup/startup_stm32f103c6ux.o
 .debug_line    0x0000000000004d32      0x910 ./Drivers/STM32F1xx_HAL_Driver/Src/stm32f1xx_hal.o
 .debug_line    0x0000000000005642      0xaf8 ./Drivers/STM32F1xx_HAL_Driver/Src/stm32f1xx_hal_cortex.o
 .debug_line    0x000000000000613a      0x993 ./Drivers/STM32F1xx_HAL_Driver/Src/stm32f1xx_hal_gpio.o
 .debug_line    0x0000000000006acd      0xd1c ./Drivers/STM32F1xx_HAL_Driver/Src/stm32f1xx_hal_rcc.o
 .debug_line    0x00000000000077e9     0x3346 ./Drivers/STM32F1xx_HAL_Driver/Src/stm32f1xx_hal_tim.o
 .debug_line    0x000000000000ab2f     0x1836 ./Drivers/STM32F1xx_HAL_Driver/Src/stm32f1xx_hal_tim_ex.o

.debug_str      0x0000000000000000    0x82729
 .debug_str     0x0000000000000000    0x7f98e ./Core/Src/button.o
                                      0x7fce1 (size before relaxing)
 .debug_str     0x000000000007f98e      0x254 ./Core/Src/control_all.o
                                      0x7fdd6 (size before relaxing)
 .debug_str     0x000000000007fbe2       0x45 ./Core/Src/control_led7seg.o
                                      0x7fc92 (size before relaxing)
 .debug_str     0x000000000007fc27       0x38 ./Core/Src/control_lightTraffic.o
                                      0x7fcce (size before relaxing)
 .debug_str     0x000000000007fc5f       0x49 ./Core/Src/displayLed7seg.o
                                      0x7fb83 (size before relaxing)
 .debug_str     0x000000000007fca8       0xc1 ./Core/Src/displayLightTraffic.o
                                      0x7fbfa (size before relaxing)
 .debug_str     0x000000000007fd69       0x15 ./Core/Src/global.o
                                       0x2e25 (size before relaxing)
 .debug_str     0x000000000007fd7e      0x6df ./Core/Src/main.o
                                      0x804e0 (size before relaxing)
 .debug_str     0x000000000008045d       0x8a ./Core/Src/software_timer.o
                                       0x2e0f (size before relaxing)
 .debug_str     0x00000000000804e7      0x2ba ./Core/Src/stm32f1xx_hal_msp.o
                                      0x80311 (size before relaxing)
 .debug_str     0x00000000000807a1       0xcd ./Core/Src/stm32f1xx_it.o
                                      0x80073 (size before relaxing)
 .debug_str     0x000000000008086e       0x52 ./Core/Src/system_stm32f1xx.o
                                      0x7f6ce (size before relaxing)
 .debug_str     0x00000000000808c0       0x36 ./Core/Startup/startup_stm32f103c6ux.o
                                         0x5d (size before relaxing)
 .debug_str     0x00000000000808f6      0x304 ./Drivers/STM32F1xx_HAL_Driver/Src/stm32f1xx_hal.o
                                      0x7fd25 (size before relaxing)
 .debug_str     0x0000000000080bfa      0x300 ./Drivers/STM32F1xx_HAL_Driver/Src/stm32f1xx_hal_cortex.o
                                      0x7fd2d (size before relaxing)
 .debug_str     0x0000000000080efa      0x324 ./Drivers/STM32F1xx_HAL_Driver/Src/stm32f1xx_hal_gpio.o
                                      0x7fa92 (size before relaxing)
 .debug_str     0x000000000008121e      0x24f ./Drivers/STM32F1xx_HAL_Driver/Src/stm32f1xx_hal_rcc.o
                                      0x7facb (size before relaxing)
 .debug_str     0x000000000008146d      0xdce ./Drivers/STM32F1xx_HAL_Driver/Src/stm32f1xx_hal_tim.o
                                      0x80aa4 (size before relaxing)
 .debug_str     0x000000000008223b      0x4ee ./Drivers/STM32F1xx_HAL_Driver/Src/stm32f1xx_hal_tim_ex.o
                                      0x80255 (size before relaxing)

.comment        0x0000000000000000       0x53
 .comment       0x0000000000000000       0x53 ./Core/Src/button.o
                                         0x54 (size before relaxing)
 .comment       0x0000000000000053       0x54 ./Core/Src/control_all.o
 .comment       0x0000000000000053       0x54 ./Core/Src/control_led7seg.o
 .comment       0x0000000000000053       0x54 ./Core/Src/control_lightTraffic.o
 .comment       0x0000000000000053       0x54 ./Core/Src/displayLed7seg.o
 .comment       0x0000000000000053       0x54 ./Core/Src/displayLightTraffic.o
 .comment       0x0000000000000053       0x54 ./Core/Src/global.o
 .comment       0x0000000000000053       0x54 ./Core/Src/main.o
 .comment       0x0000000000000053       0x54 ./Core/Src/software_timer.o
 .comment       0x0000000000000053       0x54 ./Core/Src/stm32f1xx_hal_msp.o
 .comment       0x0000000000000053       0x54 ./Core/Src/stm32f1xx_it.o
 .comment       0x0000000000000053       0x54 ./Core/Src/system_stm32f1xx.o
 .comment       0x0000000000000053       0x54 ./Drivers/STM32F1xx_HAL_Driver/Src/stm32f1xx_hal.o
 .comment       0x0000000000000053       0x54 ./Drivers/STM32F1xx_HAL_Driver/Src/stm32f1xx_hal_cortex.o
 .comment       0x0000000000000053       0x54 ./Drivers/STM32F1xx_HAL_Driver/Src/stm32f1xx_hal_gpio.o
 .comment       0x0000000000000053       0x54 ./Drivers/STM32F1xx_HAL_Driver/Src/stm32f1xx_hal_rcc.o
 .comment       0x0000000000000053       0x54 ./Drivers/STM32F1xx_HAL_Driver/Src/stm32f1xx_hal_tim.o
 .comment       0x0000000000000053       0x54 ./Drivers/STM32F1xx_HAL_Driver/Src/stm32f1xx_hal_tim_ex.o

.debug_frame    0x0000000000000000     0x2af4
 .debug_frame   0x0000000000000000      0x120 ./Core/Src/button.o
 .debug_frame   0x0000000000000120       0xdc ./Core/Src/control_all.o
 .debug_frame   0x00000000000001fc       0x48 ./Core/Src/control_led7seg.o
 .debug_frame   0x0000000000000244       0x80 ./Core/Src/control_lightTraffic.o
 .debug_frame   0x00000000000002c4       0x7c ./Core/Src/displayLed7seg.o
 .debug_frame   0x0000000000000340      0x144 ./Core/Src/displayLightTraffic.o
 .debug_frame   0x0000000000000484       0xd4 ./Core/Src/main.o
 .debug_frame   0x0000000000000558       0xa8 ./Core/Src/software_timer.o
 .debug_frame   0x0000000000000600       0x80 ./Core/Src/stm32f1xx_hal_msp.o
 .debug_frame   0x0000000000000680      0x120 ./Core/Src/stm32f1xx_it.o
 .debug_frame   0x00000000000007a0       0x58 ./Core/Src/system_stm32f1xx.o
 .debug_frame   0x00000000000007f8      0x334 ./Drivers/STM32F1xx_HAL_Driver/Src/stm32f1xx_hal.o
 .debug_frame   0x0000000000000b2c      0x428 ./Drivers/STM32F1xx_HAL_Driver/Src/stm32f1xx_hal_cortex.o
 .debug_frame   0x0000000000000f54      0x14c ./Drivers/STM32F1xx_HAL_Driver/Src/stm32f1xx_hal_gpio.o
 .debug_frame   0x00000000000010a0      0x218 ./Drivers/STM32F1xx_HAL_Driver/Src/stm32f1xx_hal_rcc.o
 .debug_frame   0x00000000000012b8     0x11b8 ./Drivers/STM32F1xx_HAL_Driver/Src/stm32f1xx_hal_tim.o
 .debug_frame   0x0000000000002470      0x638 ./Drivers/STM32F1xx_HAL_Driver/Src/stm32f1xx_hal_tim_ex.o
 .debug_frame   0x0000000000002aa8       0x2c c:/st/stm32cubeide_1.7.0/stm32cubeide/plugins/com.st.stm32cube.ide.mcu.externaltools.gnu-tools-for-stm32.9-2020-q2-update.win32_2.0.0.202105311346/tools/bin/../lib/gcc/arm-none-eabi/9.3.1/../../../../arm-none-eabi/lib/thumb/v7-m/nofp\libc_nano.a(lib_a-init.o)
 .debug_frame   0x0000000000002ad4       0x20 c:/st/stm32cubeide_1.7.0/stm32cubeide/plugins/com.st.stm32cube.ide.mcu.externaltools.gnu-tools-for-stm32.9-2020-q2-update.win32_2.0.0.202105311346/tools/bin/../lib/gcc/arm-none-eabi/9.3.1/../../../../arm-none-eabi/lib/thumb/v7-m/nofp\libc_nano.a(lib_a-memset.o)
